// Jest Snapshot v1, https://goo.gl/fbAQLP

exports[`<IncidentList /> Should render an empty list 1`] = `
<div
  className="incident__paper"
/>
`;

exports[`<IncidentList /> Should render the list 1`] = `
<div
  className="incident__paper"
>
  <WithStyles(ForwardRef(Paper))
    elevation={2}
    key="11"
    square={true}
  >
    <WithStyles(ForwardRef(Grid))
      className="card__grid"
      container={true}
    >
      <WithStyles(ForwardRef(Grid))
        container={true}
        item={true}
        sm={true}
        xs={12}
      >
        <WithStyles(ForwardRef(Grid))
          container={true}
          direction="column"
          item={true}
          xs={true}
        >
          <WithStyles(ForwardRef(Grid))
            item={true}
            xs={true}
          >
            <WithStyles(ForwardRef(Typography))
              color="error"
              gutterBottom={true}
              variant="subtitle1"
            >
              test1
               
              <span
                className="badge badge-primary badge-pill"
              >
                Pending
              </span>
            </WithStyles(ForwardRef(Typography))>
            <WithStyles(ForwardRef(Typography))
              className="d-none d-lg-block"
              gutterBottom={true}
            >
              test1@test.com
            </WithStyles(ForwardRef(Typography))>
            <WithStyles(ForwardRef(Typography))
              color="textSecondary"
            >
              Created: 
              2019/05/03, 4:04:26 pm
            </WithStyles(ForwardRef(Typography))>
            <WithStyles(ForwardRef(Typography))
              color="textSecondary"
            >
              Updated: 
              n/a
            </WithStyles(ForwardRef(Typography))>
          </WithStyles(ForwardRef(Grid))>
        </WithStyles(ForwardRef(Grid))>
      </WithStyles(ForwardRef(Grid))>
    </WithStyles(ForwardRef(Grid))>
  </WithStyles(ForwardRef(Paper))>
  <WithStyles(ForwardRef(Paper))
    elevation={2}
    key="10"
    square={true}
  >
    <WithStyles(ForwardRef(Grid))
      className="card__grid"
      container={true}
    >
      <WithStyles(ForwardRef(Grid))
        container={true}
        item={true}
        sm={true}
        xs={12}
      >
        <WithStyles(ForwardRef(Grid))
          container={true}
          direction="column"
          item={true}
          xs={true}
        >
          <WithStyles(ForwardRef(Grid))
            item={true}
            xs={true}
          >
            <WithStyles(ForwardRef(Typography))
              color="textPrimary"
              gutterBottom={true}
              variant="subtitle1"
            >
              test
               
            </WithStyles(ForwardRef(Typography))>
            <WithStyles(ForwardRef(Typography))
              className="d-none d-lg-block"
              gutterBottom={true}
            >
              test@test.com
            </WithStyles(ForwardRef(Typography))>
            <WithStyles(ForwardRef(Typography))
              color="textSecondary"
            >
              Created: 
              2019/05/03, 4:04:26 pm
            </WithStyles(ForwardRef(Typography))>
            <WithStyles(ForwardRef(Typography))
              color="textSecondary"
            >
              Updated: 
              2019/05/03, 4:02:46 pm
            </WithStyles(ForwardRef(Typography))>
          </WithStyles(ForwardRef(Grid))>
        </WithStyles(ForwardRef(Grid))>
      </WithStyles(ForwardRef(Grid))>
    </WithStyles(ForwardRef(Grid))>
  </WithStyles(ForwardRef(Paper))>
</div>
`;
