// Jest Snapshot v1, https://goo.gl/fbAQLP

exports[`<UserList /> Should fetch the users from service and render 1`] = `
<div
  className="panel panel-default"
>
  <div
    className="list-group"
  >
    <div
      className="list-group-item list-group-item-action cursor-pointer"
      key="john@whatever.com"
    >
      john
       - 
      john@whatever.com
    </div>
    <div
      className="list-group-item list-group-item-action cursor-pointer"
      key="john@whatever.com"
    >
      john t
       - 
      john@whatever.com
    </div>
    <div
      className="list-group-item list-group-item-action cursor-pointer"
      key="renato@legiao.com.br"
    >
      Renato Russo
       - 
      renato@legiao.com.br
    </div>
  </div>
</div>
`;

exports[`<UserList /> Should not display users if service returns an error 1`] = `
<div
  className="panel panel-default"
/>
`;
